MO pixel_clk NULL ../projectv/temp.v vlg47/pixel__clk.bin 1632851497
MO kbd_protocol NULL ../projectv/temp.v vlg7A/kbd__protocol.bin 1632851497
MO VGA NULL ../projectv/temp.v vlg0A/_v_g_a.bin 1632851497
MO sync NULL ../projectv/temp.v vlg01/sync.bin 1632851497
MO project NULL ../projectv/temp.v vlg0B/project.bin 1632851497
